../Drivers/STM32F4xx_HAL_Driver/Src/CAN_Program.c:13:6:HAL_CAN_ENTER_SLEEP_MODE	4	static
../Drivers/STM32F4xx_HAL_Driver/Src/CAN_Program.c:21:6:HAL_CAN_LEAVE_SLEEP_MODE	4	static
../Drivers/STM32F4xx_HAL_Driver/Src/CAN_Program.c:29:6:HAL_CAN_ENTER_INIT_MODE	8	static
../Drivers/STM32F4xx_HAL_Driver/Src/CAN_Program.c:45:6:HAL_CAN_LEAVE_INIT_MODE	4	static
../Drivers/STM32F4xx_HAL_Driver/Src/CAN_Program.c:54:6:HAL_CAN_vsetbiTime	16	static
../Drivers/STM32F4xx_HAL_Driver/Src/CAN_Program.c:60:6:HAL_CAN_vDebugMode	16	static
../Drivers/STM32F4xx_HAL_Driver/Src/CAN_Program.c:79:6:HAL_CAN_vInit	16	static
../Drivers/STM32F4xx_HAL_Driver/Src/CAN_Program.c:131:6:HAL_CAN_start	8	static
../Drivers/STM32F4xx_HAL_Driver/Src/CAN_Program.c:137:6:HAL_CAN_pu8TXFRAME	24	static
../Drivers/STM32F4xx_HAL_Driver/Src/CAN_Program.c:196:6:HAL_CAN_p8CHECK_TXCOMPLETION	16	static
../Drivers/STM32F4xx_HAL_Driver/Src/CAN_Program.c:255:6:HAL_CAN_vAbortTXRQ	16	static
../Drivers/STM32F4xx_HAL_Driver/Src/CAN_Program.c:280:6:HAL_CAN_u8GetFreeMailbox	16	static
../Drivers/STM32F4xx_HAL_Driver/Src/CAN_Program.c:299:6:HAL_CAN_u8IS_TXFRAME_PENDING	24	static
../Drivers/STM32F4xx_HAL_Driver/Src/CAN_Program.c:311:6:HAL_CAN_RX_FIFO_LOCKING	4	static
../Drivers/STM32F4xx_HAL_Driver/Src/CAN_Program.c:316:6:HAL_CAN_RX_FIFO_DELOCKING	4	static
../Drivers/STM32F4xx_HAL_Driver/Src/CAN_Program.c:320:6:HAL_CAN_FILTER_CONFIG	24	static
../Drivers/STM32F4xx_HAL_Driver/Src/CAN_Program.c:396:6:HAL_CAN_psRXFRAME	24	static
../Drivers/STM32F4xx_HAL_Driver/Src/CAN_Program.c:452:6:HAL_CAN_RX_FRAMES_NUM	16	static
